// Jest Snapshot v1, https://goo.gl/fbAQLP

exports[`Pokemon Page must match the snapshot when loading the pokemon 1`] = `
<div>
  <h1>Â¿Quien es este Pokemon?</h1>
  <pokemon-picture-stub pokemonid="1" showpokemon="false"></pokemon-picture-stub>
  <pokemon-options-stub pokemons="[object Object],[object Object],[object Object],[object Object]"></pokemon-options-stub>
  <!--v-if-->
</div>
`;
