// Jest Snapshot v1, https://goo.gl/fbAQLP

exports[`PokemonPicture must match the snapshot 1`] = `
<div class="pokemon-container" showpokemonname="false"><img class="hidden-pokemon" src="https://raw.githubusercontent.com/PokeAPI/sprites/master/sprites/pokemon/other/dream-world/1.svg" alt="pokemon">
  <!--v-if-->
</div>
`;
